OrderClass.update_order() missing 1 required positional argument: 'id'OrderClass.update_order() missing 1 required positional argument: 'id''NoneType' object has no attribute 'telegram_id'